ERROR: LoadError: Some tests did not pass: 18 passed, 1 failed, 0 errored, 0 broken.
in expression starting at /home/abr/Documents/GitHub/Julia/Transformers.jl/test_modules.jl:5
Modules Loading: Test Failed at /home/abr/Documents/GitHub/Julia/Transformers.jl/test_modules.jl:25
  Expression: Transformers.TextEncoders.BertTextEncoder isa Type
   Evaluated: Transformers.TransformerTokenizers.TextEncoders.BertTextEncoder isa Type

Stacktrace:
 [1] macro expansion
   @ ~/.julia/juliaup/julia-1.10.10+0.x64.linux.gnu/share/julia/stdlib/v1.10/Test/src/Test.jl:672 [inlined]
 [2] macro expansion
   @ ~/Documents/GitHub/Julia/Transformers.jl/test_modules.jl:25 [inlined]
 [3] macro expansion
   @ ~/.julia/juliaup/julia-1.10.10+0.x64.linux.gnu/share/julia/stdlib/v1.10/Test/src/Test.jl:1577 [inlined]
 [4] top-level scope
   @ ~/Documents/GitHub/Julia/Transformers.jl/test_modules.jl:7
Modules loaded successfully!
Test Summary:   | Pass  Fail  Total   Time
Modules Loading |   18     1     19  10.4s
